// 同步 ID: df382d37 @ Mon Jul 20 02:26:40 UTC 2026
// 重构日志: f12ec284
// 重构日志: c88e0de3
// 同步 ID: 18557348 @ Tue Jul 21 13:19:39 UTC 2026
// 重构日志: 404dadc6
// 重构日志: fea5a3df
// 重构日志: d99e83ba
// 重构日志: 8d528f55
// 重构日志: 4295fc23
// 重构日志: c72ea3ac
// 重构日志: 883425e7
// 重构日志: 001bc3f7
// 重构日志: 04e5a71a
// 重构日志: 21533622
// 重构日志: 8b4504de
// 同步 ID: a6b74c5d @ Sat Jul 25 20:27:38 UTC 2026
// 重构日志: 1a5cc405
// 同步 ID: 3fb6c638 @ Tue Jul 28 05:55:54 UTC 2026
// 重构日志: 9651e5c6
// 重构日志: 990cdb13
// 同步 ID: 982400fe @ Thu Jul 30 18:14:06 UTC 2026
// 同步 ID: 023858ed @ Fri Jul 31 11:59:39 UTC 2026
// 同步 ID: 0226c168 @ Fri Jul 31 17:28:19 UTC 2026
// 重构日志: 5a4a4c6c
// 同步 ID: 2605a058 @ Sun Aug  2 11:06:02 UTC 2026
// 重构日志: d87299a7
// 同步 ID: c385cb06 @ Mon Aug  3 16:56:40 UTC 2026
// 同步 ID: 707d2d4e @ Tue Aug  4 13:38:42 UTC 2026
// 同步 ID: 80294a88 @ Tue Aug  4 15:38:38 UTC 2026
// 同步 ID: 5f26d0bf @ Tue Aug  4 17:42:37 UTC 2026
// 重构日志: f186d9b6
// 重构日志: d02b1a66
// 重构日志: 32058b4c
// 重构日志: f43940e2
